Modules list:
-------------
interrupt.o:
    CODE              Offs=000000  Size=00001A  Align=00001  Fill=0000
vectors.o:
    VECTORS           Offs=000000  Size=000006  Align=00001  Fill=0000
wait.o:
    CODE              Offs=00001A  Size=000004  Align=00001  Fill=0000
main.o:
    CODE              Offs=00001E  Size=00003A  Align=00001  Fill=0000
    RODATA            Offs=000000  Size=00000C  Align=00001  Fill=0000
sbc.lib(addysp.o):
    CODE              Offs=000058  Size=00000E  Align=00001  Fill=0000
sbc.lib(condes.o):
    CODE              Offs=000066  Size=00000C  Align=00001  Fill=0000
    DATA              Offs=000000  Size=000025  Align=00001  Fill=0000
    ONCE              Offs=000000  Size=00000C  Align=00001  Fill=0000
sbc.lib(copydata.o):
    CODE              Offs=000072  Size=00002D  Align=00001  Fill=0000
sbc.lib(crt0.o):
    STARTUP           Offs=000000  Size=00001D  Align=00001  Fill=0000
sbc.lib(ldaxsp.o):
    CODE              Offs=00009F  Size=000009  Align=00001  Fill=0000
sbc.lib(pushax.o):
    CODE              Offs=0000A8  Size=00001A  Align=00001  Fill=0000
sbc.lib(staxsp.o):
    CODE              Offs=0000C2  Size=00000B  Align=00001  Fill=0000
sbc.lib(subysp.o):
    CODE              Offs=0000CD  Size=00000D  Align=00001  Fill=0000
sbc.lib(zerobss.o):
    CODE              Offs=0000DA  Size=000023  Align=00001  Fill=0000
sbc.lib(zeropage.o):
    ZEROPAGE          Offs=000000  Size=00001A  Align=00001  Fill=0000
uart.o:
    CODE              Offs=0000FD  Size=00000B  Align=00001  Fill=0000


Segment list:
-------------
Name                   Start     End    Size  Align
----------------------------------------------------
ZEROPAGE              000080  000099  00001A  00001
DATA                  001000  001024  000025  00001
STARTUP               00C025  00C041  00001D  00001
ONCE                  00C042  00C04D  00000C  00001
CODE                  00C04E  00C155  000108  00001
RODATA                00C156  00C161  00000C  00001
VECTORS               00FFFA  00FFFF  000006  00001


Exports list by name:
---------------------
__BSS_RUN__               001025 RLA    __BSS_SIZE__              000000 REA    
__CONSTRUCTOR_COUNT__     000000 REA    __CONSTRUCTOR_TABLE__     00C042 RLA    
__DATA_LOAD__             00C000 RLA    __DATA_RUN__              001000 RLA    
__DATA_SIZE__             000025 REA    __DESTRUCTOR_COUNT__      000000 REA    
__DESTRUCTOR_TABLE__      00C042 RLA    __RAM_SIZE__              002000 REA    
__RAM_START__             001000 RLA    __STARTUP__               000001 REA    
_charout                  00C14B RLA    _init                     00C025 RLA    
_irq_int                  00C04E RLA    _main                     00C06C RLA    
_nmi_int                  00C064 RLA    _stop                     00C06B RLA    
addysp                    00C0A7 RLA    copydata                  00C0C0 RLA    
donelib                   00C0B4 RLA    initlib                   00C042 RLA    
ldax0sp                   00C0ED RLA    ptr1                      000088 RLZ    
ptr2                      00008A RLZ    pushax                    00C0FA RLA    
regsave                   000084 RLZ    sp                        000080 RLZ    
stax0sp                   00C110 RLA    subysp                    00C11B RLA    
tmp1                      000090 RLZ    zerobss                   00C128 RLA    



Exports list by value:
----------------------
__BSS_SIZE__              000000 REA    __CONSTRUCTOR_COUNT__     000000 REA    
__DESTRUCTOR_COUNT__      000000 REA    __STARTUP__               000001 REA    
__DATA_SIZE__             000025 REA    sp                        000080 RLZ    
regsave                   000084 RLZ    ptr1                      000088 RLZ    
ptr2                      00008A RLZ    tmp1                      000090 RLZ    
__DATA_RUN__              001000 RLA    __RAM_START__             001000 RLA    
__BSS_RUN__               001025 RLA    __RAM_SIZE__              002000 REA    
__DATA_LOAD__             00C000 RLA    _init                     00C025 RLA    
__CONSTRUCTOR_TABLE__     00C042 RLA    __DESTRUCTOR_TABLE__      00C042 RLA    
initlib                   00C042 RLA    _irq_int                  00C04E RLA    
_nmi_int                  00C064 RLA    _stop                     00C06B RLA    
_main                     00C06C RLA    addysp                    00C0A7 RLA    
donelib                   00C0B4 RLA    copydata                  00C0C0 RLA    
ldax0sp                   00C0ED RLA    pushax                    00C0FA RLA    
stax0sp                   00C110 RLA    subysp                    00C11B RLA    
zerobss                   00C128 RLA    _charout                  00C14B RLA    



Imports list:
-------------
__BSS_RUN__ ([linker generated]):
    zerobss.o                 common/zerobss.s(8)
__BSS_SIZE__ ([linker generated]):
    zerobss.o                 common/zerobss.s(8)
__CONSTRUCTOR_COUNT__ ([linker generated]):
    condes.o                  runtime/condes.s(18)
__CONSTRUCTOR_TABLE__ ([linker generated]):
    condes.o                  runtime/condes.s(18)
__DATA_LOAD__ ([linker generated]):
    copydata.o                common/copydata.s(8)
__DATA_RUN__ ([linker generated]):
    copydata.o                common/copydata.s(8)
__DATA_SIZE__ ([linker generated]):
    copydata.o                common/copydata.s(8)
__DESTRUCTOR_COUNT__ ([linker generated]):
    condes.o                  runtime/condes.s(19)
__DESTRUCTOR_TABLE__ ([linker generated]):
    condes.o                  runtime/condes.s(19)
__RAM_SIZE__ ([linker generated]):
    crt0.o                    crt0.s(9)
__RAM_START__ ([linker generated]):
    crt0.o                    crt0.s(9)
__STARTUP__ (crt0.o):
    main.o                    main.s(13)
_charout (uart.o):
    crt0.o                    crt0.s(6)
    main.o                    main.s(14)
_init (crt0.o):
    vectors.o                 vectors.s(7)
_irq_int (interrupt.o):
    vectors.o                 vectors.s(8)
_main (main.o):
    crt0.o                    crt0.s(6)
_nmi_int (interrupt.o):
    vectors.o                 vectors.s(8)
_stop (wait.o):
    interrupt.o               interrupt.s(1)
addysp (addysp.o):
    main.o                    main.s(61)
copydata (copydata.o):
    crt0.o                    crt0.s(11)
donelib (condes.o):
    crt0.o                    crt0.s(11)
initlib (condes.o):
    crt0.o                    crt0.s(11)
ldax0sp (ldaxsp.o):
    main.o                    main.s(61)
ptr1 (zeropage.o):
    copydata.o                common/copydata.s(9)
    zerobss.o                 common/zerobss.s(9)
    main.o                    main.s(11)
ptr2 (zeropage.o):
    copydata.o                common/copydata.s(9)
pushax (pushax.o):
    main.o                    main.s(61)
regsave (zeropage.o):
    main.o                    main.s(10)
sp (zeropage.o):
    subysp.o                  runtime/subysp.s(9)
    staxsp.o                  runtime/staxsp.s(8)
    pushax.o                  runtime/pushax.s(8)
    ldaxsp.o                  runtime/ldaxsp.s(8)
    crt0.o                    /usr/share/cc65/asminc/zeropage.inc(11)
    addysp.o                  runtime/addysp.s(8)
    main.o                    main.s(10)
stax0sp (staxsp.o):
    main.o                    main.s(61)
subysp (subysp.o):
    main.o                    main.s(61)
tmp1 (zeropage.o):
    copydata.o                common/copydata.s(9)
zerobss (zerobss.o):
    crt0.o                    crt0.s(11)

