Modules list:
-------------
crc16.o:
    CODE              Offs=000000  Size=000098  Align=00001  Fill=0000
main.o:
    CODE              Offs=000098  Size=00005D  Align=00001  Fill=0000
    RODATA            Offs=000000  Size=000045  Align=00001  Fill=0000
sdcard.o:
    CODE              Offs=0000F5  Size=0000D6  Align=00001  Fill=0000
crt0.o:
    STARTUP           Offs=000000  Size=00001F  Align=00001  Fill=0000
init.o:
    CODE              Offs=0001CB  Size=0003A5  Align=00001  Fill=0000
io.o:
    CODE              Offs=000570  Size=000151  Align=00001  Fill=0000
isr.o:
    CODE              Offs=0006C1  Size=000016  Align=00001  Fill=0000
sdcmds.o:
    CODE              Offs=0006D7  Size=0001DE  Align=00001  Fill=0000
vectors.o:
    VECTORS           Offs=000000  Size=000006  Align=00001  Fill=0000
bin/sbc.lib(addysp.o):
    CODE              Offs=0008B5  Size=00000E  Align=00001  Fill=0000
bin/sbc.lib(aslax1.o):
    CODE              Offs=0008C3  Size=000008  Align=00001  Fill=0000
bin/sbc.lib(condes.o):
    CODE              Offs=0008CB  Size=00000C  Align=00001  Fill=0000
    DATA              Offs=000000  Size=000025  Align=00001  Fill=0000
    ONCE              Offs=000000  Size=00000C  Align=00001  Fill=0000
bin/sbc.lib(copydata.o):
    CODE              Offs=0008D7  Size=00002D  Align=00001  Fill=0000
bin/sbc.lib(decsp2.o):
    CODE              Offs=000904  Size=00000D  Align=00001  Fill=0000
bin/sbc.lib(decsp4.o):
    CODE              Offs=000911  Size=00000D  Align=00001  Fill=0000
bin/sbc.lib(decsp7.o):
    CODE              Offs=00091E  Size=00000D  Align=00001  Fill=0000
bin/sbc.lib(incsp2.o):
    CODE              Offs=00092B  Size=000015  Align=00001  Fill=0000
bin/sbc.lib(incsp4.o):
    CODE              Offs=000940  Size=000005  Align=00001  Fill=0000
bin/sbc.lib(ldaxsp.o):
    CODE              Offs=000945  Size=000009  Align=00001  Fill=0000
bin/sbc.lib(leaaxsp.o):
    CODE              Offs=00094E  Size=00000C  Align=00001  Fill=0000
bin/sbc.lib(lpush.o):
    CODE              Offs=00095A  Size=00001E  Align=00001  Fill=0000
bin/sbc.lib(pusha.o):
    CODE              Offs=000978  Size=000016  Align=00001  Fill=0000
bin/sbc.lib(pushax.o):
    CODE              Offs=00098E  Size=00001A  Align=00001  Fill=0000
bin/sbc.lib(pushwsp.o):
    CODE              Offs=0009A8  Size=00001C  Align=00001  Fill=0000
bin/sbc.lib(staxsp.o):
    CODE              Offs=0009C4  Size=00000B  Align=00001  Fill=0000
bin/sbc.lib(subysp.o):
    CODE              Offs=0009CF  Size=00000D  Align=00001  Fill=0000
bin/sbc.lib(xor.o):
    CODE              Offs=0009DC  Size=000011  Align=00001  Fill=0000
bin/sbc.lib(zerobss.o):
    CODE              Offs=0009ED  Size=000023  Align=00001  Fill=0000
bin/sbc.lib(zeropage.o):
    ZEROPAGE          Offs=000000  Size=00001A  Align=00001  Fill=0000


Segment list:
-------------
Name                   Start     End    Size  Align
----------------------------------------------------
ZEROPAGE              000020  000039  00001A  00001
DATA                  001000  001024  000025  00001
STARTUP               00C025  00C043  00001F  00001
ONCE                  00C044  00C04F  00000C  00001
CODE                  00C050  00CA5F  000A10  00001
RODATA                00CA60  00CAA4  000045  00001
VECTORS               00FFFA  00FFFF  000006  00001


Exports list by name:
---------------------
__BSS_RUN__               001025 RLA    __BSS_SIZE__              000000 REA    
__CONSTRUCTOR_COUNT__     000000 REA    __CONSTRUCTOR_TABLE__     00C044 RLA    
__DATA_LOAD__             00C000 RLA    __DATA_RUN__              001000 RLA    
__DATA_SIZE__             000025 REA    __DESTRUCTOR_COUNT__      000000 REA    
__DESTRUCTOR_TABLE__      00C044 RLA    __RAM_SIZE__              002000 REA    
__RAM_START__             001000 RLA    __STARTUP__               000001 REA    
_boot_sd                  00C145 RLA    _crc16_xmodem             00C050 RLA    
_getch                    00C5C0 RLA    _init                     00C025 RLA    
_init_sd                  00C727 RLA    _main                     00C0E8 RLA    
_putch                    00C706 RLA    _putstr                   00C601 RLA    
_putstrnl                 00C61F RLA    _sdacmd41                 00C779 RLA    
_sdcmd00                  00C749 RLA    _sdcmd08                  00C75E RLA    
_sdcmd17                  00C7D1 RLA    _sdcmd58                  00C7B6 RLA    
addysp                    00C906 RLA    addysp1                   00C905 RLA    
copydata                  00C927 RLA    decsp2                    00C954 RLA    
decsp4                    00C961 RLA    decsp7                    00C96E RLA    
donelib                   00C91B RLA    incsp2                    00C982 RLA    
incsp4                    00C990 RLA    init_system               00C21B RLA    
initlib                   00C044 RLA    isr                       00C711 RLA    
ldaxysp                   00C997 RLA    leaa0sp                   00C99E RLA    
ptr1                      000028 RLZ    ptr2                      00002A RLZ    
push0                     00C9DE RLA    pusha                     00C9CC RLA    
pushax                    00C9E2 RLA    pushl0                    00C9AA RLA    
pushwysp                  00C9FA RLA    putstr                    00C60D RLA    
shlax1                    00C913 RLA    sp                        000020 RLZ    
sreg                      000022 RLZ    staxysp                   00CA16 RLA    
subysp                    00CA1F RLA    tmp1                      000030 RLZ    
tosxorax                  00CA2E RLA    zerobss                   00CA3D RLA    



Exports list by value:
----------------------
__BSS_SIZE__              000000 REA    __CONSTRUCTOR_COUNT__     000000 REA    
__DESTRUCTOR_COUNT__      000000 REA    __STARTUP__               000001 REA    
sp                        000020 RLZ    sreg                      000022 RLZ    
__DATA_SIZE__             000025 REA    ptr1                      000028 RLZ    
ptr2                      00002A RLZ    tmp1                      000030 RLZ    
__DATA_RUN__              001000 RLA    __RAM_START__             001000 RLA    
__BSS_RUN__               001025 RLA    __RAM_SIZE__              002000 REA    
__DATA_LOAD__             00C000 RLA    _init                     00C025 RLA    
__CONSTRUCTOR_TABLE__     00C044 RLA    __DESTRUCTOR_TABLE__      00C044 RLA    
initlib                   00C044 RLA    _crc16_xmodem             00C050 RLA    
_main                     00C0E8 RLA    _boot_sd                  00C145 RLA    
init_system               00C21B RLA    _getch                    00C5C0 RLA    
_putstr                   00C601 RLA    putstr                    00C60D RLA    
_putstrnl                 00C61F RLA    _putch                    00C706 RLA    
isr                       00C711 RLA    _init_sd                  00C727 RLA    
_sdcmd00                  00C749 RLA    _sdcmd08                  00C75E RLA    
_sdacmd41                 00C779 RLA    _sdcmd58                  00C7B6 RLA    
_sdcmd17                  00C7D1 RLA    addysp1                   00C905 RLA    
addysp                    00C906 RLA    shlax1                    00C913 RLA    
donelib                   00C91B RLA    copydata                  00C927 RLA    
decsp2                    00C954 RLA    decsp4                    00C961 RLA    
decsp7                    00C96E RLA    incsp2                    00C982 RLA    
incsp4                    00C990 RLA    ldaxysp                   00C997 RLA    
leaa0sp                   00C99E RLA    pushl0                    00C9AA RLA    
pusha                     00C9CC RLA    push0                     00C9DE RLA    
pushax                    00C9E2 RLA    pushwysp                  00C9FA RLA    
staxysp                   00CA16 RLA    subysp                    00CA1F RLA    
tosxorax                  00CA2E RLA    zerobss                   00CA3D RLA    



Imports list:
-------------
__BSS_RUN__ ([linker generated]):
    zerobss.o                 common/zerobss.s(8)
__BSS_SIZE__ ([linker generated]):
    zerobss.o                 common/zerobss.s(8)
__CONSTRUCTOR_COUNT__ ([linker generated]):
    condes.o                  runtime/condes.s(18)
__CONSTRUCTOR_TABLE__ ([linker generated]):
    condes.o                  runtime/condes.s(18)
__DATA_LOAD__ ([linker generated]):
    copydata.o                common/copydata.s(8)
__DATA_RUN__ ([linker generated]):
    copydata.o                common/copydata.s(8)
__DATA_SIZE__ ([linker generated]):
    copydata.o                common/copydata.s(8)
__DESTRUCTOR_COUNT__ ([linker generated]):
    condes.o                  runtime/condes.s(19)
__DESTRUCTOR_TABLE__ ([linker generated]):
    condes.o                  runtime/condes.s(19)
__RAM_SIZE__ ([linker generated]):
    crt0.o                    crt0.s(9)
__RAM_START__ ([linker generated]):
    crt0.o                    crt0.s(9)
__STARTUP__ (crt0.o):
    main.o                    asm/main.s(13)
_boot_sd (sdcard.o):
    main.o                    asm/main.s(14)
_crc16_xmodem (crc16.o):
    sdcard.o                  asm/sdcard.s(19)
_getch (io.o):
    main.o                    asm/main.s(18)
_init (crt0.o):
    vectors.o                 vectors.s(2)
_init_sd (sdcmds.o):
    sdcard.o                  asm/sdcard.s(13)
_main (main.o):
    crt0.o                    crt0.s(6)
_putch (io.o):
    init.o                    init.s(5)
    main.o                    asm/main.s(15)
_putstr (io.o):
    main.o                    asm/main.s(16)
_putstrnl (io.o):
    main.o                    asm/main.s(17)
_sdacmd41 (sdcmds.o):
    sdcard.o                  asm/sdcard.s(16)
_sdcmd00 (sdcmds.o):
    sdcard.o                  asm/sdcard.s(14)
_sdcmd08 (sdcmds.o):
    sdcard.o                  asm/sdcard.s(15)
_sdcmd17 (sdcmds.o):
    sdcard.o                  asm/sdcard.s(18)
_sdcmd58 (sdcmds.o):
    sdcard.o                  asm/sdcard.s(17)
addysp (addysp.o):
    incsp4.o                  runtime/incsp4.s(8)
    sdcard.o                  asm/sdcard.s(132)
    crc16.o                   asm/crc16.s(100)
addysp1 (addysp.o):
    xor.o                     runtime/xor.s(9)
copydata (copydata.o):
    crt0.o                    crt0.s(11)
decsp2 (decsp2.o):
    main.o                    asm/main.s(86)
decsp4 (decsp4.o):
    lpush.o                   runtime/lpush.s(12)
decsp7 (decsp7.o):
    sdcard.o                  asm/sdcard.s(132)
donelib (condes.o):
    crt0.o                    crt0.s(11)
incsp2 (incsp2.o):
    main.o                    asm/main.s(86)
incsp4 (incsp4.o):
    sdcmds.o                  sdcmds.s(12)
init_system (init.o):
    crt0.o                    crt0.s(11)
initlib (condes.o):
    crt0.o                    crt0.s(11)
isr (isr.o):
    vectors.o                 vectors.s(3)
ldaxysp (ldaxsp.o):
    crc16.o                   asm/crc16.s(100)
leaa0sp (leaaxsp.o):
    sdcard.o                  asm/sdcard.s(132)
ptr1 (zeropage.o):
    zerobss.o                 common/zerobss.s(9)
    copydata.o                common/copydata.s(9)
    sdcard.o                  asm/sdcard.s(11)
    crc16.o                   asm/crc16.s(11)
ptr2 (zeropage.o):
    copydata.o                common/copydata.s(9)
push0 (pushax.o):
    sdcard.o                  asm/sdcard.s(132)
    crc16.o                   asm/crc16.s(100)
pusha (pusha.o):
    sdcard.o                  asm/sdcard.s(132)
    crc16.o                   asm/crc16.s(100)
pushax (pushax.o):
    sdcard.o                  asm/sdcard.s(132)
    crc16.o                   asm/crc16.s(100)
pushl0 (lpush.o):
    sdcard.o                  asm/sdcard.s(132)
pushwysp (pushwsp.o):
    sdcard.o                  asm/sdcard.s(132)
    crc16.o                   asm/crc16.s(100)
putstr (io.o):
    init.o                    init.s(3)
shlax1 (aslax1.o):
    crc16.o                   asm/crc16.s(100)
sp (zeropage.o):
    decsp4.o                  runtime/decsp4.s(8)
    xor.o                     runtime/xor.s(10)
    subysp.o                  runtime/subysp.s(9)
    staxsp.o                  runtime/staxsp.s(8)
    pushwsp.o                 runtime/pushwsp.s(8)
    pushax.o                  runtime/pushax.s(8)
    pusha.o                   runtime/pusha.s(8)
    lpush.o                   runtime/lpush.s(13)
    leaaxsp.o                 runtime/leaaxsp.s(8)
    ldaxsp.o                  runtime/ldaxsp.s(8)
    incsp2.o                  runtime/incsp2.s(8)
    decsp7.o                  runtime/decsp7.s(8)
    decsp2.o                  runtime/decsp2.s(8)
    addysp.o                  runtime/addysp.s(8)
    sdcmds.o                  /usr/share/cc65/asminc/zeropage.inc(11)
    crt0.o                    /usr/share/cc65/asminc/zeropage.inc(11)
    sdcard.o                  asm/sdcard.s(10)
    main.o                    asm/main.s(10)
    crc16.o                   asm/crc16.s(10)
sreg (zeropage.o):
    lpush.o                   runtime/lpush.s(13)
staxysp (staxsp.o):
    sdcard.o                  asm/sdcard.s(132)
    crc16.o                   asm/crc16.s(100)
subysp (subysp.o):
    sdcard.o                  asm/sdcard.s(132)
tmp1 (zeropage.o):
    xor.o                     runtime/xor.s(10)
    copydata.o                common/copydata.s(9)
    aslax1.o                  runtime/aslax1.s(8)
tosxorax (xor.o):
    crc16.o                   asm/crc16.s(100)
zerobss (zerobss.o):
    crt0.o                    crt0.s(11)

